/csharp/google-cloud-library_example/Google.Example.Library.V1/Google.Example.Library.V1.Snippets/Google.Example.Library.V1.Snippets.csproj
/csharp/google-cloud-library_example/Google.Example.Library.V1/Google.Example.Library.V1.Snippets/LibraryServiceClientSnippets.g.cs
/csharp/google-cloud-library_example/Google.Example.Library.V1/Google.Example.Library.V1.Tests/Google.Example.Library.V1.Tests.csproj
/csharp/google-cloud-library_example/Google.Example.Library.V1/Google.Example.Library.V1.Tests/LibraryServiceClientTest.g.cs
/csharp/google-cloud-library_example/Google.Example.Library.V1/Google.Example.Library.V1/Google.Example.Library.V1.csproj
/csharp/google-cloud-library_example/Google.Example.Library.V1/Google.Example.Library.V1/Library.cs
/csharp/google-cloud-library_example/Google.Example.Library.V1/Google.Example.Library.V1/LibraryGrpc.cs
/csharp/google-cloud-library_example/Google.Example.Library.V1/Google.Example.Library.V1/LibraryServiceClient.cs
/csharp/google-cloud-library_example/Google.Example.Library.V1/Google.Example.Library.V1/ResourceNames.cs
/csharp/grpc-google-cloud-library_example-v1/LibraryGrpc.cs
/csharp/proto-google-cloud-library_example-v1/Library.cs
/csharp_google-cloud-library_example-v1_package2.yaml
/gapi-cloud-library_example-go/cloud.google.com/go/example/library/apiv1/doc.go
/gapi-cloud-library_example-go/cloud.google.com/go/example/library/apiv1/library_client.go
/gapi-cloud-library_example-go/cloud.google.com/go/example/library/apiv1/library_client_example_test.go
/gapi-cloud-library_example-go/cloud.google.com/go/example/library/apiv1/mock_test.go
/gapi-cloud-library_example-go/google.golang.org/genproto/googleapis/example/library/v1/library.pb.go
/go/grpc-google-cloud-library_example-v1/google.golang.org/genproto/googleapis/example/library/v1/library.pb.go
/go_google-cloud-library_example-v1_package2.yaml
/google-cloud-library_example-v1.desc
/java/build.gradle
/java/gapic-google-cloud-library_example-v1/build.gradle
/java/gapic-google-cloud-library_example-v1/src/main/java/com/google/cloud/example/library/v1/LibraryServiceClient.java
/java/gapic-google-cloud-library_example-v1/src/main/java/com/google/cloud/example/library/v1/LibraryServiceSettings.java
/java/gapic-google-cloud-library_example-v1/src/main/java/com/google/cloud/example/library/v1/package-info.java
/java/gapic-google-cloud-library_example-v1/src/main/java/com/google/cloud/example/library/v1/stub/GrpcLibraryServiceCallableFactory.java
/java/gapic-google-cloud-library_example-v1/src/main/java/com/google/cloud/example/library/v1/stub/GrpcLibraryServiceStub.java
/java/gapic-google-cloud-library_example-v1/src/main/java/com/google/cloud/example/library/v1/stub/LibraryServiceStub.java
/java/gapic-google-cloud-library_example-v1/src/main/java/com/google/cloud/example/library/v1/stub/LibraryServiceStubSettings.java
/java/gapic-google-cloud-library_example-v1/src/test/java/com/google/cloud/example/library/v1/LibraryServiceClientTest.java
/java/gapic-google-cloud-library_example-v1/src/test/java/com/google/cloud/example/library/v1/MockLibraryService.java
/java/gapic-google-cloud-library_example-v1/src/test/java/com/google/cloud/example/library/v1/MockLibraryServiceImpl.java
/java/gradle/wrapper/gradle-wrapper.jar
/java/gradle/wrapper/gradle-wrapper.properties
/java/gradlew
/java/gradlew.bat
/java/grpc-google-cloud-library_example-v1/LICENSE
/java/grpc-google-cloud-library_example-v1/build.gradle
/java/grpc-google-cloud-library_example-v1/pom.xml
/java/grpc-google-cloud-library_example-v1/src/main/java/com/google/example/library/v1/LibraryServiceGrpc.java
/java/proto-google-cloud-library_example-v1/LICENSE
/java/proto-google-cloud-library_example-v1/build.gradle
/java/proto-google-cloud-library_example-v1/pom.xml
/java/proto-google-cloud-library_example-v1/src/main/java/com/google/example/library/v1/Book.java
/java/proto-google-cloud-library_example-v1/src/main/java/com/google/example/library/v1/BookName.java
/java/proto-google-cloud-library_example-v1/src/main/java/com/google/example/library/v1/BookOrBuilder.java
/java/proto-google-cloud-library_example-v1/src/main/java/com/google/example/library/v1/CreateBookRequest.java
/java/proto-google-cloud-library_example-v1/src/main/java/com/google/example/library/v1/CreateBookRequestOrBuilder.java
/java/proto-google-cloud-library_example-v1/src/main/java/com/google/example/library/v1/CreateShelfRequest.java
/java/proto-google-cloud-library_example-v1/src/main/java/com/google/example/library/v1/CreateShelfRequestOrBuilder.java
/java/proto-google-cloud-library_example-v1/src/main/java/com/google/example/library/v1/DeleteBookRequest.java
/java/proto-google-cloud-library_example-v1/src/main/java/com/google/example/library/v1/DeleteBookRequestOrBuilder.java
/java/proto-google-cloud-library_example-v1/src/main/java/com/google/example/library/v1/DeleteShelfRequest.java
/java/proto-google-cloud-library_example-v1/src/main/java/com/google/example/library/v1/DeleteShelfRequestOrBuilder.java
/java/proto-google-cloud-library_example-v1/src/main/java/com/google/example/library/v1/GetBookRequest.java
/java/proto-google-cloud-library_example-v1/src/main/java/com/google/example/library/v1/GetBookRequestOrBuilder.java
/java/proto-google-cloud-library_example-v1/src/main/java/com/google/example/library/v1/GetShelfRequest.java
/java/proto-google-cloud-library_example-v1/src/main/java/com/google/example/library/v1/GetShelfRequestOrBuilder.java
/java/proto-google-cloud-library_example-v1/src/main/java/com/google/example/library/v1/LibraryProto.java
/java/proto-google-cloud-library_example-v1/src/main/java/com/google/example/library/v1/ListBooksRequest.java
/java/proto-google-cloud-library_example-v1/src/main/java/com/google/example/library/v1/ListBooksRequestOrBuilder.java
/java/proto-google-cloud-library_example-v1/src/main/java/com/google/example/library/v1/ListBooksResponse.java
/java/proto-google-cloud-library_example-v1/src/main/java/com/google/example/library/v1/ListBooksResponseOrBuilder.java
/java/proto-google-cloud-library_example-v1/src/main/java/com/google/example/library/v1/ListShelvesRequest.java
/java/proto-google-cloud-library_example-v1/src/main/java/com/google/example/library/v1/ListShelvesRequestOrBuilder.java
/java/proto-google-cloud-library_example-v1/src/main/java/com/google/example/library/v1/ListShelvesResponse.java
/java/proto-google-cloud-library_example-v1/src/main/java/com/google/example/library/v1/ListShelvesResponseOrBuilder.java
/java/proto-google-cloud-library_example-v1/src/main/java/com/google/example/library/v1/MergeShelvesRequest.java
/java/proto-google-cloud-library_example-v1/src/main/java/com/google/example/library/v1/MergeShelvesRequestOrBuilder.java
/java/proto-google-cloud-library_example-v1/src/main/java/com/google/example/library/v1/MoveBookRequest.java
/java/proto-google-cloud-library_example-v1/src/main/java/com/google/example/library/v1/MoveBookRequestOrBuilder.java
/java/proto-google-cloud-library_example-v1/src/main/java/com/google/example/library/v1/Shelf.java
/java/proto-google-cloud-library_example-v1/src/main/java/com/google/example/library/v1/ShelfName.java
/java/proto-google-cloud-library_example-v1/src/main/java/com/google/example/library/v1/ShelfOrBuilder.java
/java/proto-google-cloud-library_example-v1/src/main/java/com/google/example/library/v1/UpdateBookRequest.java
/java/proto-google-cloud-library_example-v1/src/main/java/com/google/example/library/v1/UpdateBookRequestOrBuilder.java
/java/proto-google-cloud-library_example-v1/src/main/proto/google/example/library/v1/library.proto
/java/settings.gradle
/java_google-cloud-library_example-v1_package2.yaml
/js/library_example-v1/README.md
/js/library_example-v1/package.json
/js/library_example-v1/protos/google/example/library/v1/library.proto
/js/library_example-v1/src/index.js
/js/library_example-v1/src/v1/doc/google/example/library/v1/doc_library.js
/js/library_example-v1/src/v1/doc/google/protobuf/doc_empty.js
/js/library_example-v1/src/v1/index.js
/js/library_example-v1/src/v1/library_service_client.js
/js/library_example-v1/src/v1/library_service_client_config.json
/js/library_example-v1/test/gapic-v1.js
/nodejs_google-cloud-library_example-v1_package2.yaml
/php/google-cloud-library_example-v1/composer.json
/php/google-cloud-library_example-v1/proto/src/GPBMetadata/Google/Example/Library/V1/Library.php
/php/google-cloud-library_example-v1/proto/src/Google/Example/Library/V1/Book.php
/php/google-cloud-library_example-v1/proto/src/Google/Example/Library/V1/CreateBookRequest.php
/php/google-cloud-library_example-v1/proto/src/Google/Example/Library/V1/CreateShelfRequest.php
/php/google-cloud-library_example-v1/proto/src/Google/Example/Library/V1/DeleteBookRequest.php
/php/google-cloud-library_example-v1/proto/src/Google/Example/Library/V1/DeleteShelfRequest.php
/php/google-cloud-library_example-v1/proto/src/Google/Example/Library/V1/GetBookRequest.php
/php/google-cloud-library_example-v1/proto/src/Google/Example/Library/V1/GetShelfRequest.php
/php/google-cloud-library_example-v1/proto/src/Google/Example/Library/V1/LibraryServiceGrpcClient.php
/php/google-cloud-library_example-v1/proto/src/Google/Example/Library/V1/ListBooksRequest.php
/php/google-cloud-library_example-v1/proto/src/Google/Example/Library/V1/ListBooksResponse.php
/php/google-cloud-library_example-v1/proto/src/Google/Example/Library/V1/ListShelvesRequest.php
/php/google-cloud-library_example-v1/proto/src/Google/Example/Library/V1/ListShelvesResponse.php
/php/google-cloud-library_example-v1/proto/src/Google/Example/Library/V1/MergeShelvesRequest.php
/php/google-cloud-library_example-v1/proto/src/Google/Example/Library/V1/MoveBookRequest.php
/php/google-cloud-library_example-v1/proto/src/Google/Example/Library/V1/Shelf.php
/php/google-cloud-library_example-v1/proto/src/Google/Example/Library/V1/UpdateBookRequest.php
/php/google-cloud-library_example-v1/src/V1/Gapic/LibraryServiceGapicClient.php
/php/google-cloud-library_example-v1/src/V1/LibraryServiceClient.php
/php/google-cloud-library_example-v1/src/V1/resources/library_service_client_config.json
/php/google-cloud-library_example-v1/src/V1/resources/library_service_descriptor_config.php
/php/google-cloud-library_example-v1/src/V1/resources/library_service_rest_client_config.php
/php/google-cloud-library_example-v1/tests/Unit/V1/LibraryServiceClientTest.php
/php_google-cloud-library_example-v1_package2.yaml
/python/library_example-v1/LICENSE
/python/library_example-v1/MANIFEST.in
/python/library_example-v1/README.rst
/python/library_example-v1/docs/conf.py
/python/library_example-v1/docs/gapic/v1/api.rst
/python/library_example-v1/docs/gapic/v1/types.rst
/python/library_example-v1/docs/index.rst
/python/library_example-v1/google/__init__.py
/python/library_example-v1/google/cloud/__init__.py
/python/library_example-v1/google/cloud/example/__init__.py
/python/library_example-v1/google/cloud/example/library.py
/python/library_example-v1/google/cloud/example/library_v1/__init__.py
/python/library_example-v1/google/cloud/example/library_v1/gapic/__init__.py
/python/library_example-v1/google/cloud/example/library_v1/gapic/library_service_client.py
/python/library_example-v1/google/cloud/example/library_v1/gapic/library_service_client_config.py
/python/library_example-v1/google/cloud/example/library_v1/gapic/transports/__init__.py
/python/library_example-v1/google/cloud/example/library_v1/gapic/transports/library_service_grpc_transport.py
/python/library_example-v1/google/cloud/example/library_v1/proto/__init__.py
/python/library_example-v1/google/cloud/example/library_v1/proto/library_pb2.py
/python/library_example-v1/google/cloud/example/library_v1/proto/library_pb2_grpc.py
/python/library_example-v1/google/cloud/example/library_v1/types.py
/python/library_example-v1/nox.py
/python/library_example-v1/setup.cfg
/python/library_example-v1/setup.py
/python/library_example-v1/tests/unit/gapic/v1/test_library_service_client_v1.py
/python_google-cloud-library_example-v1_package2.yaml
/ruby/google-cloud-ruby/google-cloud-library_example/.gitignore
/ruby/google-cloud-ruby/google-cloud-library_example/.rubocop.yml
/ruby/google-cloud-ruby/google-cloud-library_example/.yardopts
/ruby/google-cloud-ruby/google-cloud-library_example/CHANGELOG.md
/ruby/google-cloud-ruby/google-cloud-library_example/Gemfile
/ruby/google-cloud-ruby/google-cloud-library_example/LICENSE
/ruby/google-cloud-ruby/google-cloud-library_example/README.md
/ruby/google-cloud-ruby/google-cloud-library_example/Rakefile
/ruby/google-cloud-ruby/google-cloud-library_example/google-cloud-example-library.gemspec
/ruby/google-cloud-ruby/google-cloud-library_example/lib/google/cloud/example/library.rb
/ruby/google-cloud-ruby/google-cloud-library_example/lib/google/cloud/example/library/v1.rb
/ruby/google-cloud-ruby/google-cloud-library_example/lib/google/cloud/example/library/v1/credentials.rb
/ruby/google-cloud-ruby/google-cloud-library_example/lib/google/cloud/example/library/v1/doc/google/example/library/v1/library.rb
/ruby/google-cloud-ruby/google-cloud-library_example/lib/google/cloud/example/library/v1/doc/google/protobuf/empty.rb
/ruby/google-cloud-ruby/google-cloud-library_example/lib/google/cloud/example/library/v1/library_service_client.rb
/ruby/google-cloud-ruby/google-cloud-library_example/lib/google/cloud/example/library/v1/library_service_client_config.json
/ruby/google-cloud-ruby/google-cloud-library_example/lib/google/example/library/v1/library_pb.rb
/ruby/google-cloud-ruby/google-cloud-library_example/lib/google/example/library/v1/library_services_pb.rb
/ruby/google-cloud-ruby/google-cloud-library_example/test/google/cloud/example/library/v1/library_service_client_test.rb
/ruby/grpc-google-cloud-library_example-v1/google/example/library/v1/library_pb.rb
/ruby/grpc-google-cloud-library_example-v1/google/example/library/v1/library_services_pb.rb
/ruby_google-cloud-library_example-v1_package2.yaml
